{
  "Resources": {
    "myapi4C7BF186": {
      "Type": "AWS::ApiGateway::RestApi",
      "Properties": {
        "Name": "my-api"
      }
    },
    "myapiLatestDeployment24E142F763611a77ac8e9dca00e384f72144a2c9": {
      "Type": "AWS::ApiGateway::Deployment",
      "Properties": {
        "RestApiId": {
          "Ref": "myapi4C7BF186"
        }
      },
      "DependsOn": [
        "myapiGETF990CE3C"
      ],
      "DeletionPolicy": "Retain"
    },
    "myapiAutoDeployStageprod98CECBB1": {
      "Type": "AWS::ApiGateway::Stage",
      "Properties": {
        "RestApiId": {
          "Ref": "myapi4C7BF186"
        },
        "DeploymentId": {
          "Ref": "myapiLatestDeployment24E142F763611a77ac8e9dca00e384f72144a2c9"
        },
        "StageName": "prod"
      }
    },
    "myapiCloudWatchRole095452E5": {
      "Type": "AWS::IAM::Role",
      "Properties": {
        "AssumeRolePolicyDocument": {
          "Statement": [
            {
              "Action": "sts:AssumeRole",
              "Effect": "Allow",
              "Principal": {
                "Service": "apigateway.amazonaws.com"
              }
            }
          ],
          "Version": "2012-10-17"
        },
        "ManagedPolicyArns": [
          {
            "Fn::Join": [
              "",
              [
                "arn",
                ":",
                {
                  "Ref": "AWS::Partition"
                },
                ":",
                "iam",
                ":",
                "",
                ":",
                "aws",
                ":",
                "policy",
                "/",
                "service-role/AmazonAPIGatewayPushToCloudWatchLogs"
              ]
            ]
          }
        ]
      }
    },
    "myapiAccountEC421A0A": {
      "Type": "AWS::ApiGateway::Account",
      "Properties": {
        "CloudWatchRoleArn": {
          "Fn::GetAtt": [
            "myapiCloudWatchRole095452E5",
            "Arn"
          ]
        }
      },
      "DependsOn": [
        "myapi4C7BF186"
      ]
    },
    "myapiGETF990CE3C": {
      "Type": "AWS::ApiGateway::Method",
      "Properties": {
        "HttpMethod": "GET",
        "ResourceId": {
          "Fn::GetAtt": [
            "myapi4C7BF186",
            "RootResourceId"
          ]
        },
        "RestApiId": {
          "Ref": "myapi4C7BF186"
        },
        "AuthorizationType": "NONE",
        "Integration": {
          "Type": "MOCK"
        }
      }
    }
  },
  "Outputs": {
    "myapiEndpoint3628AFE3": {
      "Value": {
        "Fn::Join": [
          "",
          [
            "https://",
            {
              "Ref": "myapi4C7BF186"
            },
            ".execute-api.",
            {
              "Ref": "AWS::Region"
            },
            ".amazonaws.com/",
            {
              "Ref": "myapiAutoDeployStageprod98CECBB1"
            },
            "/"
          ]
        ]
      },
      "Export": {
        "Name": "test-apigateway-restapi-defaults:myapiEndpoint3628AFE3"
      }
    }
  }
}